RESOLVENDO CONFLITOS 

Como os conflitos acontecem no GitHub e como resolvê-los

IMAGEM - CONFLITO DE MERGE - 

O que conflito de merge 
Em termos simples, um conflito de merge no Git ocorre quando dois desenvolvedores alteram o mesmo trecho 
de código e a única maneira de resolver este conflito é através de uma intervenção manual, alterando o 
código em questão e submetendo um novo commit.




quando alteração o arquivo e não esta preparado para entrar no commit 

SAMSUNG@LAPTOP-9C1ITPS6 MINGW64 ~/Desktop/workspace/livro-receitas (master)
$ ls
README.md  receitas/

SAMSUNG@LAPTOP-9C1ITPS6 MINGW64 ~/Desktop/workspace/livro-receitas (master)
$ git status
On branch master
Changes not staged for commit:
  (use "git add <file>..." to update what will be committed)
  (use "git restore <file>..." to discard changes in working directory)
        modified:   receitas/strogonoff.md.txt

no changes added to commit (use "git add" and/or "git commit -a")


TEMOS QUE FAZER DIGITAR O SEGUINTE COMANDO 

SAMSUNG@LAPTOP-9C1ITPS6 MINGW64 ~/Desktop/workspace/livro-receitas (master)
$ git add *

SAMSUNG@LAPTOP-9C1ITPS6 MINGW64 ~/Desktop/workspace/livro-receitas (master)
$ git status
On branch master
Changes to be committed:
  (use "git restore --staged <file>..." to unstage)
        modified:   receitas/strogonoff.md.txt





SAMSUNG@LAPTOP-9C1ITPS6 MINGW64 ~/Desktop/workspace/livro-receitas (master)
$ ls
README.md  receitas/

SAMSUNG@LAPTOP-9C1ITPS6 MINGW64 ~/Desktop/workspace/livro-receitas (master)
$ git status
On branch master
Changes not staged for commit:
  (use "git add <file>..." to update what will be committed)
  (use "git restore <file>..." to discard changes in working directory)
        modified:   README.md

no changes added to commit (use "git add" and/or "git commit -a")

SAMSUNG@LAPTOP-9C1ITPS6 MINGW64 ~/Desktop/workspace/livro-receitas (master)
$ git add*
git: 'add*' is not a git command. See 'git --help'.

The most similar command is
        add

SAMSUNG@LAPTOP-9C1ITPS6 MINGW64 ~/Desktop/workspace/livro-receitas (master)
$ git add *
warning: LF will be replaced by CRLF in README.md.
The file will have its original line endings in your working directory

SAMSUNG@LAPTOP-9C1ITPS6 MINGW64 ~/Desktop/workspace/livro-receitas (master)
$ ls
README.md  receitas/

SAMSUNG@LAPTOP-9C1ITPS6 MINGW64 ~/Desktop/workspace/livro-receitas (master)
$ git status
On branch master
Changes to be committed:
  (use "git restore --staged <file>..." to unstage)
        modified:   README.md


SAMSUNG@LAPTOP-9C1ITPS6 MINGW64 ~/Desktop/workspace/livro-receitas (master)
$

SAMSUNG@LAPTOP-9C1ITPS6 MINGW64 ~/Desktop/workspace/livro-receitas (master)
$ git commit -m "Adiciona receita pave"
[master 413b9de] Adiciona receita pave
 1 file changed, 4 insertions(+), 3 deletions(-)

SAMSUNG@LAPTOP-9C1ITPS6 MINGW64 ~/Desktop/workspace/livro-receitas (master)
$ git push origin master
Enumerating objects: 5, done.
Counting objects: 100% (5/5), done.
Delta compression using up to 4 threads
Compressing objects: 100% (3/3), done.
Writing objects: 100% (3/3), 365 bytes | 365.00 KiB/s, done.
Total 3 (delta 0), reused 0 (delta 0), pack-reused 0
To https://github.com/PriscilaSollaNunes/livro-receitas.git
   bdd7b83..413b9de  master -> master

SAMSUNG@LAPTOP-9C1ITPS6 MINGW64 ~/Desktop/workspace/livro-receitas (master)
$ git pull origin master
From https://github.com/PriscilaSollaNunes/livro-receitas
 * branch            master     -> FETCH_HEAD
Already up to date.

SAMSUNG@LAPTOP-9C1ITPS6 MINGW64 ~/Desktop/workspace/livro-receitas (master)
$ git status
On branch master
nothing to commit, working tree clean

SAMSUNG@LAPTOP-9C1ITPS6 MINGW64 ~/Desktop/workspace/livro-receitas (master)
$ git add *

SAMSUNG@LAPTOP-9C1ITPS6 MINGW64 ~/Desktop/workspace/livro-receitas (master)
$ git commit -m "resolve conflitos"
On branch master
nothing to commit, working tree clean

SAMSUNG@LAPTOP-9C1ITPS6 MINGW64 ~/Desktop/workspace/livro-receitas (master)
$ git push origin master
Everything up-to-date

SAMSUNG@LAPTOP-9C1ITPS6 MINGW64 ~/Desktop/workspace/livro-receitas (master)
$ ls
README.md  receitas/

SAMSUNG@LAPTOP-9C1ITPS6 MINGW64 ~/Desktop/workspace/livro-receitas (master)
$ git clone https://github.com/PriscilaSollaNunes/PriscilaSollaNunes.git
Cloning into 'PriscilaSollaNunes'...
remote: Enumerating objects: 3, done.
remote: Counting objects: 100% (3/3), done.
remote: Compressing objects: 100% (2/2), done.
remote: Total 3 (delta 0), reused 0 (delta 0), pack-reused 0
Receiving objects: 100% (3/3), done.

SAMSUNG@LAPTOP-9C1ITPS6 MINGW64 ~/Desktop/workspace/livro-receitas (master)
$ ls
PriscilaSollaNunes/  README.md  receitas/

SAMSUNG@LAPTOP-9C1ITPS6 MINGW64 ~/Desktop/workspace/livro-receitas (master)
$ cd PriscilaSollaNunes/

SAMSUNG@LAPTOP-9C1ITPS6 MINGW64 ~/Desktop/workspace/livro-receitas/PriscilaSollaNunes (main)
$ ls
README.md

SAMSUNG@LAPTOP-9C1ITPS6 MINGW64 ~/Desktop/workspace/livro-receitas/PriscilaSollaNunes (main)
$ ls -a
./  ../  .git/  README.md

SAMSUNG@LAPTOP-9C1ITPS6 MINGW64 ~/Desktop/workspace/livro-receitas/PriscilaSollaNunes (main)
$ git remote -v
origin  https://github.com/PriscilaSollaNunes/PriscilaSollaNunes.git (fetch)
origin  https://github.com/PriscilaSollaNunes/PriscilaSollaNunes.git (push)

SAMSUNG@LAPTOP-9C1ITPS6 MINGW64 ~/Desktop/workspace/livro-receitas/PriscilaSollaNunes (main)
$

