ciclo de vida dos arquivos 

git init 

imagem tracked e untracked 


github repositório remoro



SAMSUNG@LAPTOP-9C1ITPS6 MINGW64 ~/Desktop
$ ls
'SCVPN Launcher AS.lnk'*   WhatsApp.lnk*   desktop.ini  'texto 1.txt'  'texto 2

SAMSUNG@LAPTOP-9C1ITPS6 MINGW64 ~/Desktop
$ cd workspace

SAMSUNG@LAPTOP-9C1ITPS6 MINGW64 ~/Desktop/workspace
$ ls
hello.txt  livro-receitas/

SAMSUNG@LAPTOP-9C1ITPS6 MINGW64 ~/Desktop/workspace
$ cd livro-receitas

SAMSUNG@LAPTOP-9C1ITPS6 MINGW64 ~/Desktop/workspace/livro-receitas (master)
$ ls
receitas/  strogonoff.md.txt

SAMSUNG@LAPTOP-9C1ITPS6 MINGW64 ~/Desktop/workspace/livro-receitas (master)
$ git status
On branch master
nothing to commit, working tree clean

SAMSUNG@LAPTOP-9C1ITPS6 MINGW64 ~/Desktop/workspace/livro-receitas (master)
$ mv strogonooff.md.txt ./receitas/
mv: cannot stat 'strogonooff.md.txt': No such file or directory

SAMSUNG@LAPTOP-9C1ITPS6 MINGW64 ~/Desktop/workspace/livro-receitas (master)
$ ls
receitas/  strogonoff.md.txt

SAMSUNG@LAPTOP-9C1ITPS6 MINGW64 ~/Desktop/workspace/livro-receitas (master)
$ mv
.git/              receitas/          strogonoff.md.txt

SAMSUNG@LAPTOP-9C1ITPS6 MINGW64 ~/Desktop/workspace/livro-receitas (master)
$ ls
receitas/  strogonoff.md.txt

SAMSUNG@LAPTOP-9C1ITPS6 MINGW64 ~/Desktop/workspace/livro-receitas (master)
$ mv strogonoff.md.txt ./receitas/

SAMSUNG@LAPTOP-9C1ITPS6 MINGW64 ~/Desktop/workspace/livro-receitas (master)
$ ls
receitas/

SAMSUNG@LAPTOP-9C1ITPS6 MINGW64 ~/Desktop/workspace/livro-receitas (master)
$ cd receitas

SAMSUNG@LAPTOP-9C1ITPS6 MINGW64 ~/Desktop/workspace/livro-receitas/receitas (master)
$ ls
strogonoff.md.txt

SAMSUNG@LAPTOP-9C1ITPS6 MINGW64 ~/Desktop/workspace/livro-receitas/receitas (master)
$ ls
strogonoff.md.txt

SAMSUNG@LAPTOP-9C1ITPS6 MINGW64 ~/Desktop/workspace/livro-receitas/receitas (master)
$ cd receitas
bash: cd: receitas: No such file or directory

SAMSUNG@LAPTOP-9C1ITPS6 MINGW64 ~/Desktop/workspace/livro-receitas/receitas (master)
$ ls
strogonoff.md.txt

SAMSUNG@LAPTOP-9C1ITPS6 MINGW64 ~/Desktop/workspace/livro-receitas/receitas (master)
$ cd ..

SAMSUNG@LAPTOP-9C1ITPS6 MINGW64 ~/Desktop/workspace/livro-receitas (master)
$ ls
receitas/

SAMSUNG@LAPTOP-9C1ITPS6 MINGW64 ~/Desktop/workspace/livro-receitas (master)
$ git status
On branch master
Changes not staged for commit:
  (use "git add/rm <file>..." to update what will be committed)
  (use "git restore <file>..." to discard changes in working directory)
        deleted:    strogonoff.md.txt

Untracked files:
  (use "git add <file>..." to include in what will be committed)
        receitas/

no changes added to commit (use "git add" and/or "git commit -a")

SAMSUNG@LAPTOP-9C1ITPS6 MINGW64 ~/Desktop/workspace/livro-receitas (master)
$ git add
receitas/          strogonoff.md.txt

SAMSUNG@LAPTOP-9C1ITPS6 MINGW64 ~/Desktop/workspace/livro-receitas (master)
$ git add
receitas/          strogonoff.md.txt

SAMSUNG@LAPTOP-9C1ITPS6 MINGW64 ~/Desktop/workspace/livro-receitas (master)
$ git add
receitas/          strogonoff.md.txt

SAMSUNG@LAPTOP-9C1ITPS6 MINGW64 ~/Desktop/workspace/livro-receitas (master)
$ git add strogonoff;md.txt receitas/
fatal: pathspec 'strogonoff' did not match any files
bash: md.txt: command not found

SAMSUNG@LAPTOP-9C1ITPS6 MINGW64 ~/Desktop/workspace/livro-receitas (master)
$ git add strogonoff.md.txt receitas/

SAMSUNG@LAPTOP-9C1ITPS6 MINGW64 ~/Desktop/workspace/livro-receitas (master)
$ git status
On branch master
Changes to be committed:
  (use "git restore --staged <file>..." to unstage)
        renamed:    strogonoff.md.txt -> receitas/strogonoff.md.txt


SAMSUNG@LAPTOP-9C1ITPS6 MINGW64 ~/Desktop/workspace/livro-receitas (master)
$ git commit -m "cria pasta receitas, move arquivo para receitas"
[master 2edfbe4] cria pasta receitas, move arquivo para receitas
 1 file changed, 0 insertions(+), 0 deletions(-)
 rename strogonoff.md.txt => receitas/strogonoff.md.txt (100%)

SAMSUNG@LAPTOP-9C1ITPS6 MINGW64 ~/Desktop/workspace/livro-receitas (master)
$ git status
On branch master
nothing to commit, working tree clean

SAMSUNG@LAPTOP-9C1ITPS6 MINGW64 ~/Desktop/workspace/livro-receitas (master)
$ ls
receitas/

SAMSUNG@LAPTOP-9C1ITPS6 MINGW64 ~/Desktop/workspace/livro-receitas (master)
$ echo > README.md

SAMSUNG@LAPTOP-9C1ITPS6 MINGW64 ~/Desktop/workspace/livro-receitas (master)
$ ls
README.md  receitas/

SAMSUNG@LAPTOP-9C1ITPS6 MINGW64 ~/Desktop/workspace/livro-receitas (master)
$ git status
On branch master
Untracked files:
  (use "git add <file>..." to include in what will be committed)
        README.md

nothing added to commit but untracked files present (use "git add" to track)

SAMSUNG@LAPTOP-9C1ITPS6 MINGW64 ~/Desktop/workspace/livro-receitas (master)
$

SAMSUNG@LAPTOP-9C1ITPS6 MINGW64 ~/Desktop/workspace/livro-receitas (master)
$ got status
bash: got: command not found

SAMSUNG@LAPTOP-9C1ITPS6 MINGW64 ~/Desktop/workspace/livro-receitas (master)
$ git status
On branch master
Untracked files:
  (use "git add <file>..." to include in what will be committed)
        README.md

nothing added to commit but untracked files present (use "git add" to track)

SAMSUNG@LAPTOP-9C1ITPS6 MINGW64 ~/Desktop/workspace/livro-receitas (master)
$ git add *
warning: LF will be replaced by CRLF in README.md.
The file will have its original line endings in your working directory

SAMSUNG@LAPTOP-9C1ITPS6 MINGW64 ~/Desktop/workspace/livro-receitas (master)
$ ls
README.md  receitas/

SAMSUNG@LAPTOP-9C1ITPS6 MINGW64 ~/Desktop/workspace/livro-receitas (master)
$ git status
On branch master
Changes to be committed:
  (use "git restore --staged <file>..." to unstage)
        new file:   README.md


SAMSUNG@LAPTOP-9C1ITPS6 MINGW64 ~/Desktop/workspace/livro-receitas (master)
$ git commit -m "adiciona index"
[master 6cb343b] adiciona index
 1 file changed, 6 insertions(+)
 create mode 100644 README.md

SAMSUNG@LAPTOP-9C1ITPS6 MINGW64 ~/Desktop/workspace/livro-receitas (master)
$
